[
   "program",
   [
      [
         "fun",
         "f",
         [
            "sig",
            [],
            "_"
         ],
         [
            "pre",
            [
               "true"
            ]
         ],
         [
            "post",
            [
               "true"
            ]
         ],
         []
      ],
      [
         "fun",
         "g",
         [
            "sig",
            [
               "x"
            ],
            "y"
         ],
         [
            "pre",
            [
               "true"
            ]
         ],
         [
            "post",
            [
               "true"
            ]
         ],
         []
      ],
      [
         "fun",
         "h",
         [
            "sig",
            [
               "_"
            ],
            "_"
         ],
         [
            "pre",
            [
               "true"
            ]
         ],
         [
            "post",
            [
               "true"
            ]
         ],
         [
            [
               "rule",
               [
                  [
                     "pcons",
                     "A",
                     []
                  ]
               ],
               [
                  "cons",
                  "B",
                  []
               ]
            ]
         ]
      ],
      [
         "fun",
         "i",
         [
            "sig",
            [
               "x"
            ],
            "y"
         ],
         [
            "pre",
            [
               "true"
            ]
         ],
         [
            "post",
            [
               "true"
            ]
         ],
         [
            [
               "rule",
               [
                  [
                     "pcons",
                     "A",
                     []
                  ]
               ],
               [
                  "cons",
                  "B",
                  []
               ]
            ]
         ]
      ]
   ],
   []
]
