[
   "program",
   [
      [
         "fun",
         "f",
         [
            "sig",
            [
               "_"
            ],
            "_"
         ],
         [
            "pre",
            [
               "true"
            ]
         ],
         [
            "post",
            [
               "true"
            ]
         ],
         [
            [
               "rule",
               [
                  [
                     "pcons",
                     "A",
                     []
                  ]
               ],
               [
                  "cons",
                  "B",
                  []
               ]
            ]
         ]
      ],
      [
         "fun",
         "c",
         [
            "sig",
            [
               "_"
            ],
            "_"
         ],
         [
            "pre",
            [
               "true"
            ]
         ],
         [
            "post",
            [
               "true"
            ]
         ],
         [
            [
               "rule",
               [
                  [
                     "pcons",
                     "C",
                     []
                  ]
               ],
               [
                  "cons",
                  "D",
                  []
               ]
            ]
         ]
      ]
   ],
   []
]
